src/hooks/useLocation.ts(145,9): error TS2322: Type 'boolean | null' is not assignable to type 'boolean'.
  Type 'null' is not assignable to type 'boolean'.
src/screens/OrderDetailsScreen.tsx(130,71): error TS2339: Property 'error' does not exist on type '{ background: string; card: string; cardBorder: string; primary: string; primaryGradientStart: string; primaryGradientEnd: string; secondary: string; text: string; textSecondary: string; white: string; ... 4 more ...; placeholder: string; }'.
src/screens/OrderDetailsScreen.tsx(131,70): error TS2339: Property 'error' does not exist on type '{ background: string; card: string; cardBorder: string; primary: string; primaryGradientStart: string; primaryGradientEnd: string; secondary: string; text: string; textSecondary: string; white: string; ... 4 more ...; placeholder: string; }'.
